0:00:00:00 Starting a new session
0:00:00:00 Loaded a total of 6 password hashes with 6 different salts
0:00:00:00 - Hash type: crypt, generic crypt(3) (lengths up to 72)
0:00:00:00 - Algorithm: ?/64
0:00:00:00 - Candidate passwords will be buffered and tried in chunks of 96
0:00:00:00 - Configured to use otherwise idle processor cycles only
0:00:00:00 Proceeding with wordlist mode
0:00:00:00 - Wordlist file: dic.txt
0:00:00:00 - No word mangling rules
0:00:04:44 + Cracked daguirre
0:00:00:00 Starting a new session
0:00:00:00 Loaded a total of 1 password hash
0:00:00:00 - Hash type: crypt, generic crypt(3) (lengths up to 72)
0:00:00:00 - Algorithm: ?/64
0:00:00:00 - Candidate passwords will be buffered and tried in chunks of 96
0:00:00:00 - Configured to use otherwise idle processor cycles only
0:00:00:00 Proceeding with wordlist mode
0:00:00:00 - Wordlist file: pass_jadrover_pistas.txt
0:00:00:00 - No word mangling rules
0:00:00:00 Terminating on error
0:00:14:37 Session completed
